[WP2033s43] tie 3581-89516-1 -> Link LKY-STRABANE-PST p_nom 123.0
[WP2033s43] year columns matching 594/710; wind/solar without column: 82 (7770.4 MW) borrowed, 0 from the same bus
[WP2033s43] non-renewable generators without a column (keep p_max_pu=1): 40
[WP2033s43] p_min_pu clipped for 42 generators
[WP2033s43] group_units: {"n_units": 72, "n_matched": 56, "match_rate": 0.7777777777777778, "mw_total": 802.523, "mw_G": 752.0649999999999, "mw_excluded_U": 50.458, "n_G": 57, "n_U": 15, "n_P": 46, "n_N": 11, "mw_P": 589.3249999999999, "mw_N": 162.73999999999998, "n_unmatched": 16, "n_multi": 6}
[WP2033s43] CG3 buses whose number differs from MASTER §2: none
[WP2033s43] chunk 1/27 optimal obj 36246640.9 78s
[WP2033s43] chunk 2/27 optimal obj 29629888.7 158s
[WP2033s43] chunk 3/27 optimal obj 29626658.1 240s
[WP2033s43] chunk 4/27 optimal obj 44615391.5 309s
[WP2033s43] chunk 5/27 optimal obj 14241861.9 390s
[WP2033s43] chunk 6/27 optimal obj 24187103.4 470s
[WP2033s43] chunk 7/27 optimal obj 21286088.3 547s
[WP2033s43] chunk 8/27 optimal obj 27371199.5 628s
[WP2033s43] chunk 9/27 optimal obj 30718415.7 695s
[WP2033s43] chunk 10/27 optimal obj 37227098.7 768s
[WP2033s43] chunk 11/27 optimal obj 27502894.1 842s
[WP2033s43] chunk 12/27 optimal obj 33611489.5 914s
[WP2033s43] chunk 13/27 optimal obj 41202264.8 989s
[WP2033s43] chunk 14/27 optimal obj 26931203.0 1054s
[WP2033s43] chunk 15/27 optimal obj 35071368.5 1128s
[WP2033s43] chunk 16/27 optimal obj 26902994.2 1204s
[WP2033s43] chunk 17/27 optimal obj 36125242.7 1273s
[WP2033s43] chunk 18/27 optimal obj 33101540.9 1344s
[WP2033s43] chunk 19/27 optimal obj 30579708.9 1423s
[WP2033s43] chunk 20/27 optimal obj 30667561.4 1498s
[WP2033s43] chunk 21/27 optimal obj 35565727.0 1572s
[WP2033s43] chunk 22/27 optimal obj 31714154.9 1643s
[WP2033s43] chunk 23/27 optimal obj 32060667.9 1715s
[WP2033s43] chunk 24/27 optimal obj 36019688.3 1792s
[WP2033s43] chunk 25/27 optimal obj 20877024.0 1865s
[WP2033s43] chunk 26/27 optimal obj 25746317.9 1940s
[WP2033s43] chunk 27/27 optimal obj 2888935.8 1950s
[WP2033s43] chunks: 27, all optimal: True
[WP2033s43] sanity: {"case": "WP2033s43", "hours": 4380, "step": 2, "all_chunks_optimal": true, "wind_energy_MWh": 30488820.516049862, "wind_avail_MWh": 34130304.32918298, "ws_energy_MWh": 33121874.004555, "ws_avail_MWh": 36904286.6170573, "wind_surplus_share": 0.10669356411274322, "ws_surplus_share": 0.1024925004444891, "load_shedding_hours": 0, "load_shedding_MWh": 0.0, "tie_p_nom": 123.0, "tie_at_cap_share": 1.0, "tie_at_cap_hours": 4380, "tie_mean_flow_MW": -97.95068493150686, "G_energy_MWh": 1886261.4506593605, "G_avail_MWh": 2063097.3808897, "G_surplus_share": 0.08571380675888407, "solve_seconds": 1954.5090234279633, "n_snapshots": 4380, "year_cols_matching": 594, "year_cols_total": 710, "borrowed": 82, "borrowed_mw": 7770.38, "borrowed_same_bus": 0, "thermal_without_column": 40, "p_min_pu_clipped": 42, "n_lines": 754, "n_transformers": 225}
[WP2033s43] stage baseline done in 1955s
